[    1320ms] [ERROR] Access to fetch at 'https://trgcj0-r0.myshopify.com/api/collect' from origin 'http://localhost:9292' has been blocked by CORS policy: Response to preflight request doesn't pass access control check: No 'Access-Control-Allow-Origin' header is present on the requested resource. @ http://localhost:9292/products/hardwell-maddix-revealed-a-c-i-d-oversized-t-shirt-black:0
[    1320ms] [ERROR] Failed to load resource: net::ERR_FAILED @ https://trgcj0-r0.myshopify.com/api/collect:0
[    1646ms] [ERROR] [HotReload] Connection closed by the server, attempting to reconnect... @ http://localhost:9292/cdn/shopifycloud/theme-hot-reload/theme-hot-reload.js:304
[    1860ms] [WARNING] GSAP or ScrollTrigger not loaded. Retrying... @ http://localhost:9292/cdn/shop/t/4/assets/section-footer-features.js?v=180436652779018945661774374927:13
[    2218ms] [ERROR] Access to fetch at 'https://trgcj0-r0.myshopify.com/api/collect' from origin 'http://localhost:9292' has been blocked by CORS policy: Response to preflight request doesn't pass access control check: No 'Access-Control-Allow-Origin' header is present on the requested resource. @ http://localhost:9292/products/hardwell-maddix-revealed-a-c-i-d-oversized-t-shirt-black:0
[    2218ms] [ERROR] Failed to load resource: net::ERR_FAILED @ https://trgcj0-r0.myshopify.com/api/collect:0
[    2481ms] [ERROR] Framing 'https://shop.app/' violates the following Content Security Policy directive: "frame-ancestors https://trgcj0-r0.myshopify.com https://trgcj0-r0.account.myshopify.com https://bassface.in https://www.bassface.in https://bassfacemusics.myshopify.com https://bassface-storefront-9e27aa684266004b66d3.o2.myshopify.dev https://shopify.com". The request has been blocked.
 @ :0
[    3574ms] [ERROR] Access to fetch at 'https://trgcj0-r0.myshopify.com/api/collect' from origin 'http://localhost:9292' has been blocked by CORS policy: Response to preflight request doesn't pass access control check: No 'Access-Control-Allow-Origin' header is present on the requested resource. @ http://localhost:9292/products/hardwell-maddix-revealed-a-c-i-d-oversized-t-shirt-black:0
[    3574ms] [ERROR] Failed to load resource: net::ERR_FAILED @ https://trgcj0-r0.myshopify.com/api/collect:0
[    5948ms] [ERROR] Access to fetch at 'https://trgcj0-r0.myshopify.com/api/collect' from origin 'http://localhost:9292' has been blocked by CORS policy: Response to preflight request doesn't pass access control check: No 'Access-Control-Allow-Origin' header is present on the requested resource. @ http://localhost:9292/products/hardwell-maddix-revealed-a-c-i-d-oversized-t-shirt-black:0
[    5948ms] [ERROR] Failed to load resource: net::ERR_FAILED @ https://trgcj0-r0.myshopify.com/api/collect:0
[    7608ms] [ERROR] Access to fetch at 'https://trgcj0-r0.myshopify.com/api/collect' from origin 'http://localhost:9292' has been blocked by CORS policy: Response to preflight request doesn't pass access control check: No 'Access-Control-Allow-Origin' header is present on the requested resource. @ http://localhost:9292/products/hardwell-maddix-revealed-a-c-i-d-oversized-t-shirt-black:0
[    7608ms] [ERROR] Failed to load resource: net::ERR_FAILED @ https://trgcj0-r0.myshopify.com/api/collect:0
[   10309ms] [ERROR] Access to fetch at 'https://trgcj0-r0.myshopify.com/api/collect' from origin 'http://localhost:9292' has been blocked by CORS policy: Response to preflight request doesn't pass access control check: No 'Access-Control-Allow-Origin' header is present on the requested resource. @ http://localhost:9292/products/hardwell-maddix-revealed-a-c-i-d-oversized-t-shirt-black:0
[   10310ms] [ERROR] Failed to load resource: net::ERR_FAILED @ https://trgcj0-r0.myshopify.com/api/collect:0
[   12983ms] [ERROR] Access to fetch at 'https://trgcj0-r0.myshopify.com/api/collect' from origin 'http://localhost:9292' has been blocked by CORS policy: Response to preflight request doesn't pass access control check: No 'Access-Control-Allow-Origin' header is present on the requested resource. @ http://localhost:9292/products/hardwell-maddix-revealed-a-c-i-d-oversized-t-shirt-black:0
[   12983ms] [ERROR] Failed to load resource: net::ERR_FAILED @ https://trgcj0-r0.myshopify.com/api/collect:0
[   18344ms] [ERROR] Access to fetch at 'https://trgcj0-r0.myshopify.com/api/collect' from origin 'http://localhost:9292' has been blocked by CORS policy: Response to preflight request doesn't pass access control check: No 'Access-Control-Allow-Origin' header is present on the requested resource. @ http://localhost:9292/products/hardwell-maddix-revealed-a-c-i-d-oversized-t-shirt-black:0
[   18344ms] [ERROR] Failed to load resource: net::ERR_FAILED @ https://trgcj0-r0.myshopify.com/api/collect:0
[   23699ms] [ERROR] Access to fetch at 'https://trgcj0-r0.myshopify.com/api/collect' from origin 'http://localhost:9292' has been blocked by CORS policy: Response to preflight request doesn't pass access control check: No 'Access-Control-Allow-Origin' header is present on the requested resource. @ http://localhost:9292/products/hardwell-maddix-revealed-a-c-i-d-oversized-t-shirt-black:0
[   23699ms] [ERROR] Failed to load resource: net::ERR_FAILED @ https://trgcj0-r0.myshopify.com/api/collect:0
[   29105ms] [ERROR] Access to fetch at 'https://trgcj0-r0.myshopify.com/api/collect' from origin 'http://localhost:9292' has been blocked by CORS policy: Response to preflight request doesn't pass access control check: No 'Access-Control-Allow-Origin' header is present on the requested resource. @ http://localhost:9292/products/hardwell-maddix-revealed-a-c-i-d-oversized-t-shirt-black:0
[   29105ms] [ERROR] Failed to load resource: net::ERR_FAILED @ https://trgcj0-r0.myshopify.com/api/collect:0
[   34476ms] [ERROR] Access to fetch at 'https://trgcj0-r0.myshopify.com/api/collect' from origin 'http://localhost:9292' has been blocked by CORS policy: Response to preflight request doesn't pass access control check: No 'Access-Control-Allow-Origin' header is present on the requested resource. @ http://localhost:9292/products/hardwell-maddix-revealed-a-c-i-d-oversized-t-shirt-black:0
[   34476ms] [ERROR] Failed to load resource: net::ERR_FAILED @ https://trgcj0-r0.myshopify.com/api/collect:0
[   39843ms] [ERROR] Access to fetch at 'https://trgcj0-r0.myshopify.com/api/collect' from origin 'http://localhost:9292' has been blocked by CORS policy: Response to preflight request doesn't pass access control check: No 'Access-Control-Allow-Origin' header is present on the requested resource. @ http://localhost:9292/products/hardwell-maddix-revealed-a-c-i-d-oversized-t-shirt-black:0
[   39843ms] [ERROR] Failed to load resource: net::ERR_FAILED @ https://trgcj0-r0.myshopify.com/api/collect:0
[   45220ms] [ERROR] Access to fetch at 'https://trgcj0-r0.myshopify.com/api/collect' from origin 'http://localhost:9292' has been blocked by CORS policy: Response to preflight request doesn't pass access control check: No 'Access-Control-Allow-Origin' header is present on the requested resource. @ http://localhost:9292/products/hardwell-maddix-revealed-a-c-i-d-oversized-t-shirt-black:0
[   45222ms] [ERROR] Failed to load resource: net::ERR_FAILED @ https://trgcj0-r0.myshopify.com/api/collect:0
[   50621ms] [ERROR] Access to fetch at 'https://trgcj0-r0.myshopify.com/api/collect' from origin 'http://localhost:9292' has been blocked by CORS policy: Response to preflight request doesn't pass access control check: No 'Access-Control-Allow-Origin' header is present on the requested resource. @ http://localhost:9292/products/hardwell-maddix-revealed-a-c-i-d-oversized-t-shirt-black:0
[   50621ms] [ERROR] Failed to load resource: net::ERR_FAILED @ https://trgcj0-r0.myshopify.com/api/collect:0
[   56003ms] [ERROR] Access to fetch at 'https://trgcj0-r0.myshopify.com/api/collect' from origin 'http://localhost:9292' has been blocked by CORS policy: Response to preflight request doesn't pass access control check: No 'Access-Control-Allow-Origin' header is present on the requested resource. @ http://localhost:9292/products/hardwell-maddix-revealed-a-c-i-d-oversized-t-shirt-black:0
[   56004ms] [ERROR] Failed to load resource: net::ERR_FAILED @ https://trgcj0-r0.myshopify.com/api/collect:0
[   61448ms] [ERROR] Access to fetch at 'https://trgcj0-r0.myshopify.com/api/collect' from origin 'http://localhost:9292' has been blocked by CORS policy: Response to preflight request doesn't pass access control check: No 'Access-Control-Allow-Origin' header is present on the requested resource. @ http://localhost:9292/products/hardwell-maddix-revealed-a-c-i-d-oversized-t-shirt-black:0
[   61448ms] [ERROR] Failed to load resource: net::ERR_FAILED @ https://trgcj0-r0.myshopify.com/api/collect:0
[   66858ms] [ERROR] Access to fetch at 'https://trgcj0-r0.myshopify.com/api/collect' from origin 'http://localhost:9292' has been blocked by CORS policy: Response to preflight request doesn't pass access control check: No 'Access-Control-Allow-Origin' header is present on the requested resource. @ http://localhost:9292/products/hardwell-maddix-revealed-a-c-i-d-oversized-t-shirt-black:0
[   66859ms] [ERROR] Failed to load resource: net::ERR_FAILED @ https://trgcj0-r0.myshopify.com/api/collect:0
[   72231ms] [ERROR] Access to fetch at 'https://trgcj0-r0.myshopify.com/api/collect' from origin 'http://localhost:9292' has been blocked by CORS policy: Response to preflight request doesn't pass access control check: No 'Access-Control-Allow-Origin' header is present on the requested resource. @ http://localhost:9292/products/hardwell-maddix-revealed-a-c-i-d-oversized-t-shirt-black:0
[   72231ms] [ERROR] Failed to load resource: net::ERR_FAILED @ https://trgcj0-r0.myshopify.com/api/collect:0
[   77599ms] [ERROR] Access to fetch at 'https://trgcj0-r0.myshopify.com/api/collect' from origin 'http://localhost:9292' has been blocked by CORS policy: Response to preflight request doesn't pass access control check: No 'Access-Control-Allow-Origin' header is present on the requested resource. @ http://localhost:9292/products/hardwell-maddix-revealed-a-c-i-d-oversized-t-shirt-black:0
[   77599ms] [ERROR] Failed to load resource: net::ERR_FAILED @ https://trgcj0-r0.myshopify.com/api/collect:0
[   82963ms] [ERROR] Access to fetch at 'https://trgcj0-r0.myshopify.com/api/collect' from origin 'http://localhost:9292' has been blocked by CORS policy: Response to preflight request doesn't pass access control check: No 'Access-Control-Allow-Origin' header is present on the requested resource. @ http://localhost:9292/products/hardwell-maddix-revealed-a-c-i-d-oversized-t-shirt-black:0
[   82963ms] [ERROR] Failed to load resource: net::ERR_FAILED @ https://trgcj0-r0.myshopify.com/api/collect:0
[   88356ms] [ERROR] Access to fetch at 'https://trgcj0-r0.myshopify.com/api/collect' from origin 'http://localhost:9292' has been blocked by CORS policy: Response to preflight request doesn't pass access control check: No 'Access-Control-Allow-Origin' header is present on the requested resource. @ http://localhost:9292/products/hardwell-maddix-revealed-a-c-i-d-oversized-t-shirt-black:0
[   88357ms] [ERROR] Failed to load resource: net::ERR_FAILED @ https://trgcj0-r0.myshopify.com/api/collect:0
[   93722ms] [ERROR] Access to fetch at 'https://trgcj0-r0.myshopify.com/api/collect' from origin 'http://localhost:9292' has been blocked by CORS policy: Response to preflight request doesn't pass access control check: No 'Access-Control-Allow-Origin' header is present on the requested resource. @ http://localhost:9292/products/hardwell-maddix-revealed-a-c-i-d-oversized-t-shirt-black:0
[   93722ms] [ERROR] Failed to load resource: net::ERR_FAILED @ https://trgcj0-r0.myshopify.com/api/collect:0
[   99085ms] [ERROR] Access to fetch at 'https://trgcj0-r0.myshopify.com/api/collect' from origin 'http://localhost:9292' has been blocked by CORS policy: Response to preflight request doesn't pass access control check: No 'Access-Control-Allow-Origin' header is present on the requested resource. @ http://localhost:9292/products/hardwell-maddix-revealed-a-c-i-d-oversized-t-shirt-black:0
[   99086ms] [ERROR] Failed to load resource: net::ERR_FAILED @ https://trgcj0-r0.myshopify.com/api/collect:0
[  104465ms] [ERROR] Access to fetch at 'https://trgcj0-r0.myshopify.com/api/collect' from origin 'http://localhost:9292' has been blocked by CORS policy: Response to preflight request doesn't pass access control check: No 'Access-Control-Allow-Origin' header is present on the requested resource. @ http://localhost:9292/products/hardwell-maddix-revealed-a-c-i-d-oversized-t-shirt-black:0
[  104465ms] [ERROR] Failed to load resource: net::ERR_FAILED @ https://trgcj0-r0.myshopify.com/api/collect:0
[  109853ms] [ERROR] Access to fetch at 'https://trgcj0-r0.myshopify.com/api/collect' from origin 'http://localhost:9292' has been blocked by CORS policy: Response to preflight request doesn't pass access control check: No 'Access-Control-Allow-Origin' header is present on the requested resource. @ http://localhost:9292/products/hardwell-maddix-revealed-a-c-i-d-oversized-t-shirt-black:0
[  109853ms] [ERROR] Failed to load resource: net::ERR_FAILED @ https://trgcj0-r0.myshopify.com/api/collect:0
[  115211ms] [ERROR] Access to fetch at 'https://trgcj0-r0.myshopify.com/api/collect' from origin 'http://localhost:9292' has been blocked by CORS policy: Response to preflight request doesn't pass access control check: No 'Access-Control-Allow-Origin' header is present on the requested resource. @ http://localhost:9292/products/hardwell-maddix-revealed-a-c-i-d-oversized-t-shirt-black:0
[  115211ms] [ERROR] Failed to load resource: net::ERR_FAILED @ https://trgcj0-r0.myshopify.com/api/collect:0
[  120581ms] [ERROR] Access to fetch at 'https://trgcj0-r0.myshopify.com/api/collect' from origin 'http://localhost:9292' has been blocked by CORS policy: Response to preflight request doesn't pass access control check: No 'Access-Control-Allow-Origin' header is present on the requested resource. @ http://localhost:9292/products/hardwell-maddix-revealed-a-c-i-d-oversized-t-shirt-black:0
[  120581ms] [ERROR] Failed to load resource: net::ERR_FAILED @ https://trgcj0-r0.myshopify.com/api/collect:0
[  125954ms] [ERROR] Access to fetch at 'https://trgcj0-r0.myshopify.com/api/collect' from origin 'http://localhost:9292' has been blocked by CORS policy: Response to preflight request doesn't pass access control check: No 'Access-Control-Allow-Origin' header is present on the requested resource. @ http://localhost:9292/products/hardwell-maddix-revealed-a-c-i-d-oversized-t-shirt-black:0
[  125955ms] [ERROR] Failed to load resource: net::ERR_FAILED @ https://trgcj0-r0.myshopify.com/api/collect:0
[  131350ms] [ERROR] Access to fetch at 'https://trgcj0-r0.myshopify.com/api/collect' from origin 'http://localhost:9292' has been blocked by CORS policy: Response to preflight request doesn't pass access control check: No 'Access-Control-Allow-Origin' header is present on the requested resource. @ http://localhost:9292/products/hardwell-maddix-revealed-a-c-i-d-oversized-t-shirt-black:0
[  131351ms] [ERROR] Failed to load resource: net::ERR_FAILED @ https://trgcj0-r0.myshopify.com/api/collect:0
[  136836ms] [ERROR] Access to fetch at 'https://trgcj0-r0.myshopify.com/api/collect' from origin 'http://localhost:9292' has been blocked by CORS policy: Response to preflight request doesn't pass access control check: No 'Access-Control-Allow-Origin' header is present on the requested resource. @ http://localhost:9292/products/hardwell-maddix-revealed-a-c-i-d-oversized-t-shirt-black:0
[  136836ms] [ERROR] Failed to load resource: net::ERR_FAILED @ https://trgcj0-r0.myshopify.com/api/collect:0
[  142197ms] [ERROR] Access to fetch at 'https://trgcj0-r0.myshopify.com/api/collect' from origin 'http://localhost:9292' has been blocked by CORS policy: Response to preflight request doesn't pass access control check: No 'Access-Control-Allow-Origin' header is present on the requested resource. @ http://localhost:9292/products/hardwell-maddix-revealed-a-c-i-d-oversized-t-shirt-black:0
[  142197ms] [ERROR] Failed to load resource: net::ERR_FAILED @ https://trgcj0-r0.myshopify.com/api/collect:0
[  147603ms] [ERROR] Access to fetch at 'https://trgcj0-r0.myshopify.com/api/collect' from origin 'http://localhost:9292' has been blocked by CORS policy: Response to preflight request doesn't pass access control check: No 'Access-Control-Allow-Origin' header is present on the requested resource. @ http://localhost:9292/products/hardwell-maddix-revealed-a-c-i-d-oversized-t-shirt-black:0
[  147604ms] [ERROR] Failed to load resource: net::ERR_FAILED @ https://trgcj0-r0.myshopify.com/api/collect:0
[  152967ms] [ERROR] Access to fetch at 'https://trgcj0-r0.myshopify.com/api/collect' from origin 'http://localhost:9292' has been blocked by CORS policy: Response to preflight request doesn't pass access control check: No 'Access-Control-Allow-Origin' header is present on the requested resource. @ http://localhost:9292/products/hardwell-maddix-revealed-a-c-i-d-oversized-t-shirt-black:0
[  152968ms] [ERROR] Failed to load resource: net::ERR_FAILED @ https://trgcj0-r0.myshopify.com/api/collect:0
[  158334ms] [ERROR] Access to fetch at 'https://trgcj0-r0.myshopify.com/api/collect' from origin 'http://localhost:9292' has been blocked by CORS policy: Response to preflight request doesn't pass access control check: No 'Access-Control-Allow-Origin' header is present on the requested resource. @ http://localhost:9292/products/hardwell-maddix-revealed-a-c-i-d-oversized-t-shirt-black:0
[  158334ms] [ERROR] Failed to load resource: net::ERR_FAILED @ https://trgcj0-r0.myshopify.com/api/collect:0
[  163700ms] [ERROR] Access to fetch at 'https://trgcj0-r0.myshopify.com/api/collect' from origin 'http://localhost:9292' has been blocked by CORS policy: Response to preflight request doesn't pass access control check: No 'Access-Control-Allow-Origin' header is present on the requested resource. @ http://localhost:9292/products/hardwell-maddix-revealed-a-c-i-d-oversized-t-shirt-black:0
[  163700ms] [ERROR] Failed to load resource: net::ERR_FAILED @ https://trgcj0-r0.myshopify.com/api/collect:0
[  169099ms] [ERROR] Access to fetch at 'https://trgcj0-r0.myshopify.com/api/collect' from origin 'http://localhost:9292' has been blocked by CORS policy: Response to preflight request doesn't pass access control check: No 'Access-Control-Allow-Origin' header is present on the requested resource. @ http://localhost:9292/products/hardwell-maddix-revealed-a-c-i-d-oversized-t-shirt-black:0
[  169099ms] [ERROR] Failed to load resource: net::ERR_FAILED @ https://trgcj0-r0.myshopify.com/api/collect:0
[  174463ms] [ERROR] Access to fetch at 'https://trgcj0-r0.myshopify.com/api/collect' from origin 'http://localhost:9292' has been blocked by CORS policy: Response to preflight request doesn't pass access control check: No 'Access-Control-Allow-Origin' header is present on the requested resource. @ http://localhost:9292/products/hardwell-maddix-revealed-a-c-i-d-oversized-t-shirt-black:0
[  174463ms] [ERROR] Failed to load resource: net::ERR_FAILED @ https://trgcj0-r0.myshopify.com/api/collect:0
[  179833ms] [ERROR] Access to fetch at 'https://trgcj0-r0.myshopify.com/api/collect' from origin 'http://localhost:9292' has been blocked by CORS policy: Response to preflight request doesn't pass access control check: No 'Access-Control-Allow-Origin' header is present on the requested resource. @ http://localhost:9292/products/hardwell-maddix-revealed-a-c-i-d-oversized-t-shirt-black:0
[  179834ms] [ERROR] Failed to load resource: net::ERR_FAILED @ https://trgcj0-r0.myshopify.com/api/collect:0
[  185194ms] [ERROR] Access to fetch at 'https://trgcj0-r0.myshopify.com/api/collect' from origin 'http://localhost:9292' has been blocked by CORS policy: Response to preflight request doesn't pass access control check: No 'Access-Control-Allow-Origin' header is present on the requested resource. @ http://localhost:9292/products/hardwell-maddix-revealed-a-c-i-d-oversized-t-shirt-black:0
[  185194ms] [ERROR] Failed to load resource: net::ERR_FAILED @ https://trgcj0-r0.myshopify.com/api/collect:0
[  190595ms] [ERROR] Access to fetch at 'https://trgcj0-r0.myshopify.com/api/collect' from origin 'http://localhost:9292' has been blocked by CORS policy: Response to preflight request doesn't pass access control check: No 'Access-Control-Allow-Origin' header is present on the requested resource. @ http://localhost:9292/products/hardwell-maddix-revealed-a-c-i-d-oversized-t-shirt-black:0
[  190595ms] [ERROR] Failed to load resource: net::ERR_FAILED @ https://trgcj0-r0.myshopify.com/api/collect:0
[  195967ms] [ERROR] Access to fetch at 'https://trgcj0-r0.myshopify.com/api/collect' from origin 'http://localhost:9292' has been blocked by CORS policy: Response to preflight request doesn't pass access control check: No 'Access-Control-Allow-Origin' header is present on the requested resource. @ http://localhost:9292/products/hardwell-maddix-revealed-a-c-i-d-oversized-t-shirt-black:0
[  195967ms] [ERROR] Failed to load resource: net::ERR_FAILED @ https://trgcj0-r0.myshopify.com/api/collect:0
[  201333ms] [ERROR] Access to fetch at 'https://trgcj0-r0.myshopify.com/api/collect' from origin 'http://localhost:9292' has been blocked by CORS policy: Response to preflight request doesn't pass access control check: No 'Access-Control-Allow-Origin' header is present on the requested resource. @ http://localhost:9292/products/hardwell-maddix-revealed-a-c-i-d-oversized-t-shirt-black:0
[  201333ms] [ERROR] Failed to load resource: net::ERR_FAILED @ https://trgcj0-r0.myshopify.com/api/collect:0
[  206709ms] [ERROR] Access to fetch at 'https://trgcj0-r0.myshopify.com/api/collect' from origin 'http://localhost:9292' has been blocked by CORS policy: Response to preflight request doesn't pass access control check: No 'Access-Control-Allow-Origin' header is present on the requested resource. @ http://localhost:9292/products/hardwell-maddix-revealed-a-c-i-d-oversized-t-shirt-black:0
[  206709ms] [ERROR] Failed to load resource: net::ERR_FAILED @ https://trgcj0-r0.myshopify.com/api/collect:0
[  212091ms] [ERROR] Access to fetch at 'https://trgcj0-r0.myshopify.com/api/collect' from origin 'http://localhost:9292' has been blocked by CORS policy: Response to preflight request doesn't pass access control check: No 'Access-Control-Allow-Origin' header is present on the requested resource. @ http://localhost:9292/products/hardwell-maddix-revealed-a-c-i-d-oversized-t-shirt-black:0
[  212091ms] [ERROR] Failed to load resource: net::ERR_FAILED @ https://trgcj0-r0.myshopify.com/api/collect:0
[  217465ms] [ERROR] Access to fetch at 'https://trgcj0-r0.myshopify.com/api/collect' from origin 'http://localhost:9292' has been blocked by CORS policy: Response to preflight request doesn't pass access control check: No 'Access-Control-Allow-Origin' header is present on the requested resource. @ http://localhost:9292/products/hardwell-maddix-revealed-a-c-i-d-oversized-t-shirt-black:0
[  217465ms] [ERROR] Failed to load resource: net::ERR_FAILED @ https://trgcj0-r0.myshopify.com/api/collect:0
[  222836ms] [ERROR] Access to fetch at 'https://trgcj0-r0.myshopify.com/api/collect' from origin 'http://localhost:9292' has been blocked by CORS policy: Response to preflight request doesn't pass access control check: No 'Access-Control-Allow-Origin' header is present on the requested resource. @ http://localhost:9292/products/hardwell-maddix-revealed-a-c-i-d-oversized-t-shirt-black:0
[  222837ms] [ERROR] Failed to load resource: net::ERR_FAILED @ https://trgcj0-r0.myshopify.com/api/collect:0
[  228189ms] [ERROR] Access to fetch at 'https://trgcj0-r0.myshopify.com/api/collect' from origin 'http://localhost:9292' has been blocked by CORS policy: Response to preflight request doesn't pass access control check: No 'Access-Control-Allow-Origin' header is present on the requested resource. @ http://localhost:9292/products/hardwell-maddix-revealed-a-c-i-d-oversized-t-shirt-black:0
[  228190ms] [ERROR] Failed to load resource: net::ERR_FAILED @ https://trgcj0-r0.myshopify.com/api/collect:0
[  233590ms] [ERROR] Access to fetch at 'https://trgcj0-r0.myshopify.com/api/collect' from origin 'http://localhost:9292' has been blocked by CORS policy: Response to preflight request doesn't pass access control check: No 'Access-Control-Allow-Origin' header is present on the requested resource. @ http://localhost:9292/products/hardwell-maddix-revealed-a-c-i-d-oversized-t-shirt-black:0
[  233591ms] [ERROR] Failed to load resource: net::ERR_FAILED @ https://trgcj0-r0.myshopify.com/api/collect:0
[  238958ms] [ERROR] Access to fetch at 'https://trgcj0-r0.myshopify.com/api/collect' from origin 'http://localhost:9292' has been blocked by CORS policy: Response to preflight request doesn't pass access control check: No 'Access-Control-Allow-Origin' header is present on the requested resource. @ http://localhost:9292/products/hardwell-maddix-revealed-a-c-i-d-oversized-t-shirt-black:0
[  238958ms] [ERROR] Failed to load resource: net::ERR_FAILED @ https://trgcj0-r0.myshopify.com/api/collect:0
[  244323ms] [ERROR] Access to fetch at 'https://trgcj0-r0.myshopify.com/api/collect' from origin 'http://localhost:9292' has been blocked by CORS policy: Response to preflight request doesn't pass access control check: No 'Access-Control-Allow-Origin' header is present on the requested resource. @ http://localhost:9292/products/hardwell-maddix-revealed-a-c-i-d-oversized-t-shirt-black:0
[  244323ms] [ERROR] Failed to load resource: net::ERR_FAILED @ https://trgcj0-r0.myshopify.com/api/collect:0
[  249698ms] [ERROR] Access to fetch at 'https://trgcj0-r0.myshopify.com/api/collect' from origin 'http://localhost:9292' has been blocked by CORS policy: Response to preflight request doesn't pass access control check: No 'Access-Control-Allow-Origin' header is present on the requested resource. @ http://localhost:9292/products/hardwell-maddix-revealed-a-c-i-d-oversized-t-shirt-black:0
[  249698ms] [ERROR] Failed to load resource: net::ERR_FAILED @ https://trgcj0-r0.myshopify.com/api/collect:0
[  255086ms] [ERROR] Access to fetch at 'https://trgcj0-r0.myshopify.com/api/collect' from origin 'http://localhost:9292' has been blocked by CORS policy: Response to preflight request doesn't pass access control check: No 'Access-Control-Allow-Origin' header is present on the requested resource. @ http://localhost:9292/products/hardwell-maddix-revealed-a-c-i-d-oversized-t-shirt-black:0
[  255086ms] [ERROR] Failed to load resource: net::ERR_FAILED @ https://trgcj0-r0.myshopify.com/api/collect:0
[  260441ms] [ERROR] Access to fetch at 'https://trgcj0-r0.myshopify.com/api/collect' from origin 'http://localhost:9292' has been blocked by CORS policy: Response to preflight request doesn't pass access control check: No 'Access-Control-Allow-Origin' header is present on the requested resource. @ http://localhost:9292/products/hardwell-maddix-revealed-a-c-i-d-oversized-t-shirt-black:0
[  260441ms] [ERROR] Failed to load resource: net::ERR_FAILED @ https://trgcj0-r0.myshopify.com/api/collect:0
[  265794ms] [ERROR] Access to fetch at 'https://trgcj0-r0.myshopify.com/api/collect' from origin 'http://localhost:9292' has been blocked by CORS policy: Response to preflight request doesn't pass access control check: No 'Access-Control-Allow-Origin' header is present on the requested resource. @ http://localhost:9292/products/hardwell-maddix-revealed-a-c-i-d-oversized-t-shirt-black:0
[  265794ms] [ERROR] Failed to load resource: net::ERR_FAILED @ https://trgcj0-r0.myshopify.com/api/collect:0
[  271178ms] [ERROR] Access to fetch at 'https://trgcj0-r0.myshopify.com/api/collect' from origin 'http://localhost:9292' has been blocked by CORS policy: Response to preflight request doesn't pass access control check: No 'Access-Control-Allow-Origin' header is present on the requested resource. @ http://localhost:9292/products/hardwell-maddix-revealed-a-c-i-d-oversized-t-shirt-black:0
[  271179ms] [ERROR] Failed to load resource: net::ERR_FAILED @ https://trgcj0-r0.myshopify.com/api/collect:0
[  276583ms] [ERROR] Access to fetch at 'https://trgcj0-r0.myshopify.com/api/collect' from origin 'http://localhost:9292' has been blocked by CORS policy: Response to preflight request doesn't pass access control check: No 'Access-Control-Allow-Origin' header is present on the requested resource. @ http://localhost:9292/products/hardwell-maddix-revealed-a-c-i-d-oversized-t-shirt-black:0
[  276583ms] [ERROR] Failed to load resource: net::ERR_FAILED @ https://trgcj0-r0.myshopify.com/api/collect:0
[  281972ms] [ERROR] Access to fetch at 'https://trgcj0-r0.myshopify.com/api/collect' from origin 'http://localhost:9292' has been blocked by CORS policy: Response to preflight request doesn't pass access control check: No 'Access-Control-Allow-Origin' header is present on the requested resource. @ http://localhost:9292/products/hardwell-maddix-revealed-a-c-i-d-oversized-t-shirt-black:0
[  281972ms] [ERROR] Failed to load resource: net::ERR_FAILED @ https://trgcj0-r0.myshopify.com/api/collect:0
[  287415ms] [ERROR] Access to fetch at 'https://trgcj0-r0.myshopify.com/api/collect' from origin 'http://localhost:9292' has been blocked by CORS policy: Response to preflight request doesn't pass access control check: No 'Access-Control-Allow-Origin' header is present on the requested resource. @ http://localhost:9292/products/hardwell-maddix-revealed-a-c-i-d-oversized-t-shirt-black:0
[  287415ms] [ERROR] Failed to load resource: net::ERR_FAILED @ https://trgcj0-r0.myshopify.com/api/collect:0
[  292838ms] [ERROR] Access to fetch at 'https://trgcj0-r0.myshopify.com/api/collect' from origin 'http://localhost:9292' has been blocked by CORS policy: Response to preflight request doesn't pass access control check: No 'Access-Control-Allow-Origin' header is present on the requested resource. @ http://localhost:9292/products/hardwell-maddix-revealed-a-c-i-d-oversized-t-shirt-black:0
[  292838ms] [ERROR] Failed to load resource: net::ERR_FAILED @ https://trgcj0-r0.myshopify.com/api/collect:0
[  298201ms] [ERROR] Access to fetch at 'https://trgcj0-r0.myshopify.com/api/collect' from origin 'http://localhost:9292' has been blocked by CORS policy: Response to preflight request doesn't pass access control check: No 'Access-Control-Allow-Origin' header is present on the requested resource. @ http://localhost:9292/products/hardwell-maddix-revealed-a-c-i-d-oversized-t-shirt-black:0
[  298201ms] [ERROR] Failed to load resource: net::ERR_FAILED @ https://trgcj0-r0.myshopify.com/api/collect:0
[  303567ms] [ERROR] Access to fetch at 'https://trgcj0-r0.myshopify.com/api/collect' from origin 'http://localhost:9292' has been blocked by CORS policy: Response to preflight request doesn't pass access control check: No 'Access-Control-Allow-Origin' header is present on the requested resource. @ http://localhost:9292/products/hardwell-maddix-revealed-a-c-i-d-oversized-t-shirt-black:0
[  303567ms] [ERROR] Failed to load resource: net::ERR_FAILED @ https://trgcj0-r0.myshopify.com/api/collect:0
[  308958ms] [ERROR] Access to fetch at 'https://trgcj0-r0.myshopify.com/api/collect' from origin 'http://localhost:9292' has been blocked by CORS policy: Response to preflight request doesn't pass access control check: No 'Access-Control-Allow-Origin' header is present on the requested resource. @ http://localhost:9292/products/hardwell-maddix-revealed-a-c-i-d-oversized-t-shirt-black:0
[  308958ms] [ERROR] Failed to load resource: net::ERR_FAILED @ https://trgcj0-r0.myshopify.com/api/collect:0
[  314334ms] [ERROR] Access to fetch at 'https://trgcj0-r0.myshopify.com/api/collect' from origin 'http://localhost:9292' has been blocked by CORS policy: Response to preflight request doesn't pass access control check: No 'Access-Control-Allow-Origin' header is present on the requested resource. @ http://localhost:9292/products/hardwell-maddix-revealed-a-c-i-d-oversized-t-shirt-black:0
[  314334ms] [ERROR] Failed to load resource: net::ERR_FAILED @ https://trgcj0-r0.myshopify.com/api/collect:0
[  319691ms] [ERROR] Access to fetch at 'https://trgcj0-r0.myshopify.com/api/collect' from origin 'http://localhost:9292' has been blocked by CORS policy: Response to preflight request doesn't pass access control check: No 'Access-Control-Allow-Origin' header is present on the requested resource. @ http://localhost:9292/products/hardwell-maddix-revealed-a-c-i-d-oversized-t-shirt-black:0
[  319691ms] [ERROR] Failed to load resource: net::ERR_FAILED @ https://trgcj0-r0.myshopify.com/api/collect:0
[  325049ms] [ERROR] Access to fetch at 'https://trgcj0-r0.myshopify.com/api/collect' from origin 'http://localhost:9292' has been blocked by CORS policy: Response to preflight request doesn't pass access control check: No 'Access-Control-Allow-Origin' header is present on the requested resource. @ http://localhost:9292/products/hardwell-maddix-revealed-a-c-i-d-oversized-t-shirt-black:0
[  325049ms] [ERROR] Failed to load resource: net::ERR_FAILED @ https://trgcj0-r0.myshopify.com/api/collect:0
[  330422ms] [ERROR] Access to fetch at 'https://trgcj0-r0.myshopify.com/api/collect' from origin 'http://localhost:9292' has been blocked by CORS policy: Response to preflight request doesn't pass access control check: No 'Access-Control-Allow-Origin' header is present on the requested resource. @ http://localhost:9292/products/hardwell-maddix-revealed-a-c-i-d-oversized-t-shirt-black:0
[  330423ms] [ERROR] Failed to load resource: net::ERR_FAILED @ https://trgcj0-r0.myshopify.com/api/collect:0
[  335830ms] [ERROR] Access to fetch at 'https://trgcj0-r0.myshopify.com/api/collect' from origin 'http://localhost:9292' has been blocked by CORS policy: Response to preflight request doesn't pass access control check: No 'Access-Control-Allow-Origin' header is present on the requested resource. @ http://localhost:9292/products/hardwell-maddix-revealed-a-c-i-d-oversized-t-shirt-black:0
[  335830ms] [ERROR] Failed to load resource: net::ERR_FAILED @ https://trgcj0-r0.myshopify.com/api/collect:0
[  341200ms] [ERROR] Access to fetch at 'https://trgcj0-r0.myshopify.com/api/collect' from origin 'http://localhost:9292' has been blocked by CORS policy: Response to preflight request doesn't pass access control check: No 'Access-Control-Allow-Origin' header is present on the requested resource. @ http://localhost:9292/products/hardwell-maddix-revealed-a-c-i-d-oversized-t-shirt-black:0
[  341200ms] [ERROR] Failed to load resource: net::ERR_FAILED @ https://trgcj0-r0.myshopify.com/api/collect:0
[  346563ms] [ERROR] Access to fetch at 'https://trgcj0-r0.myshopify.com/api/collect' from origin 'http://localhost:9292' has been blocked by CORS policy: Response to preflight request doesn't pass access control check: No 'Access-Control-Allow-Origin' header is present on the requested resource. @ http://localhost:9292/products/hardwell-maddix-revealed-a-c-i-d-oversized-t-shirt-black:0
[  346563ms] [ERROR] Failed to load resource: net::ERR_FAILED @ https://trgcj0-r0.myshopify.com/api/collect:0
[  351923ms] [ERROR] Access to fetch at 'https://trgcj0-r0.myshopify.com/api/collect' from origin 'http://localhost:9292' has been blocked by CORS policy: Response to preflight request doesn't pass access control check: No 'Access-Control-Allow-Origin' header is present on the requested resource. @ http://localhost:9292/products/hardwell-maddix-revealed-a-c-i-d-oversized-t-shirt-black:0
[  351923ms] [ERROR] Failed to load resource: net::ERR_FAILED @ https://trgcj0-r0.myshopify.com/api/collect:0
[  357325ms] [ERROR] Access to fetch at 'https://trgcj0-r0.myshopify.com/api/collect' from origin 'http://localhost:9292' has been blocked by CORS policy: Response to preflight request doesn't pass access control check: No 'Access-Control-Allow-Origin' header is present on the requested resource. @ http://localhost:9292/products/hardwell-maddix-revealed-a-c-i-d-oversized-t-shirt-black:0
[  357325ms] [ERROR] Failed to load resource: net::ERR_FAILED @ https://trgcj0-r0.myshopify.com/api/collect:0
[  362679ms] [ERROR] Access to fetch at 'https://trgcj0-r0.myshopify.com/api/collect' from origin 'http://localhost:9292' has been blocked by CORS policy: Response to preflight request doesn't pass access control check: No 'Access-Control-Allow-Origin' header is present on the requested resource. @ http://localhost:9292/products/hardwell-maddix-revealed-a-c-i-d-oversized-t-shirt-black:0
[  362679ms] [ERROR] Failed to load resource: net::ERR_FAILED @ https://trgcj0-r0.myshopify.com/api/collect:0
[  368076ms] [ERROR] Access to fetch at 'https://trgcj0-r0.myshopify.com/api/collect' from origin 'http://localhost:9292' has been blocked by CORS policy: Response to preflight request doesn't pass access control check: No 'Access-Control-Allow-Origin' header is present on the requested resource. @ http://localhost:9292/products/hardwell-maddix-revealed-a-c-i-d-oversized-t-shirt-black:0
[  368076ms] [ERROR] Failed to load resource: net::ERR_FAILED @ https://trgcj0-r0.myshopify.com/api/collect:0
[  373458ms] [ERROR] Access to fetch at 'https://trgcj0-r0.myshopify.com/api/collect' from origin 'http://localhost:9292' has been blocked by CORS policy: Response to preflight request doesn't pass access control check: No 'Access-Control-Allow-Origin' header is present on the requested resource. @ http://localhost:9292/products/hardwell-maddix-revealed-a-c-i-d-oversized-t-shirt-black:0
[  373458ms] [ERROR] Failed to load resource: net::ERR_FAILED @ https://trgcj0-r0.myshopify.com/api/collect:0
[  378821ms] [ERROR] Access to fetch at 'https://trgcj0-r0.myshopify.com/api/collect' from origin 'http://localhost:9292' has been blocked by CORS policy: Response to preflight request doesn't pass access control check: No 'Access-Control-Allow-Origin' header is present on the requested resource. @ http://localhost:9292/products/hardwell-maddix-revealed-a-c-i-d-oversized-t-shirt-black:0
[  378821ms] [ERROR] Failed to load resource: net::ERR_FAILED @ https://trgcj0-r0.myshopify.com/api/collect:0
[  384175ms] [ERROR] Access to fetch at 'https://trgcj0-r0.myshopify.com/api/collect' from origin 'http://localhost:9292' has been blocked by CORS policy: Response to preflight request doesn't pass access control check: No 'Access-Control-Allow-Origin' header is present on the requested resource. @ http://localhost:9292/products/hardwell-maddix-revealed-a-c-i-d-oversized-t-shirt-black:0
[  384175ms] [ERROR] Failed to load resource: net::ERR_FAILED @ https://trgcj0-r0.myshopify.com/api/collect:0
[  389559ms] [ERROR] Access to fetch at 'https://trgcj0-r0.myshopify.com/api/collect' from origin 'http://localhost:9292' has been blocked by CORS policy: Response to preflight request doesn't pass access control check: No 'Access-Control-Allow-Origin' header is present on the requested resource. @ http://localhost:9292/products/hardwell-maddix-revealed-a-c-i-d-oversized-t-shirt-black:0
[  389559ms] [ERROR] Failed to load resource: net::ERR_FAILED @ https://trgcj0-r0.myshopify.com/api/collect:0
[  394934ms] [ERROR] Access to fetch at 'https://trgcj0-r0.myshopify.com/api/collect' from origin 'http://localhost:9292' has been blocked by CORS policy: Response to preflight request doesn't pass access control check: No 'Access-Control-Allow-Origin' header is present on the requested resource. @ http://localhost:9292/products/hardwell-maddix-revealed-a-c-i-d-oversized-t-shirt-black:0
[  394934ms] [ERROR] Failed to load resource: net::ERR_FAILED @ https://trgcj0-r0.myshopify.com/api/collect:0
[  400316ms] [ERROR] Access to fetch at 'https://trgcj0-r0.myshopify.com/api/collect' from origin 'http://localhost:9292' has been blocked by CORS policy: Response to preflight request doesn't pass access control check: No 'Access-Control-Allow-Origin' header is present on the requested resource. @ http://localhost:9292/products/hardwell-maddix-revealed-a-c-i-d-oversized-t-shirt-black:0
[  400316ms] [ERROR] Failed to load resource: net::ERR_FAILED @ https://trgcj0-r0.myshopify.com/api/collect:0
[  405680ms] [ERROR] Access to fetch at 'https://trgcj0-r0.myshopify.com/api/collect' from origin 'http://localhost:9292' has been blocked by CORS policy: Response to preflight request doesn't pass access control check: No 'Access-Control-Allow-Origin' header is present on the requested resource. @ http://localhost:9292/products/hardwell-maddix-revealed-a-c-i-d-oversized-t-shirt-black:0
[  405680ms] [ERROR] Failed to load resource: net::ERR_FAILED @ https://trgcj0-r0.myshopify.com/api/collect:0
[  411055ms] [ERROR] Access to fetch at 'https://trgcj0-r0.myshopify.com/api/collect' from origin 'http://localhost:9292' has been blocked by CORS policy: Response to preflight request doesn't pass access control check: No 'Access-Control-Allow-Origin' header is present on the requested resource. @ http://localhost:9292/products/hardwell-maddix-revealed-a-c-i-d-oversized-t-shirt-black:0
[  411055ms] [ERROR] Failed to load resource: net::ERR_FAILED @ https://trgcj0-r0.myshopify.com/api/collect:0
[  416418ms] [ERROR] Access to fetch at 'https://trgcj0-r0.myshopify.com/api/collect' from origin 'http://localhost:9292' has been blocked by CORS policy: Response to preflight request doesn't pass access control check: No 'Access-Control-Allow-Origin' header is present on the requested resource. @ http://localhost:9292/products/hardwell-maddix-revealed-a-c-i-d-oversized-t-shirt-black:0
[  416418ms] [ERROR] Failed to load resource: net::ERR_FAILED @ https://trgcj0-r0.myshopify.com/api/collect:0
[  421816ms] [ERROR] Access to fetch at 'https://trgcj0-r0.myshopify.com/api/collect' from origin 'http://localhost:9292' has been blocked by CORS policy: Response to preflight request doesn't pass access control check: No 'Access-Control-Allow-Origin' header is present on the requested resource. @ http://localhost:9292/products/hardwell-maddix-revealed-a-c-i-d-oversized-t-shirt-black:0
[  421816ms] [ERROR] Failed to load resource: net::ERR_FAILED @ https://trgcj0-r0.myshopify.com/api/collect:0
[  427186ms] [ERROR] Access to fetch at 'https://trgcj0-r0.myshopify.com/api/collect' from origin 'http://localhost:9292' has been blocked by CORS policy: Response to preflight request doesn't pass access control check: No 'Access-Control-Allow-Origin' header is present on the requested resource. @ http://localhost:9292/products/hardwell-maddix-revealed-a-c-i-d-oversized-t-shirt-black:0
[  427186ms] [ERROR] Failed to load resource: net::ERR_FAILED @ https://trgcj0-r0.myshopify.com/api/collect:0
[  432541ms] [ERROR] Access to fetch at 'https://trgcj0-r0.myshopify.com/api/collect' from origin 'http://localhost:9292' has been blocked by CORS policy: Response to preflight request doesn't pass access control check: No 'Access-Control-Allow-Origin' header is present on the requested resource. @ http://localhost:9292/products/hardwell-maddix-revealed-a-c-i-d-oversized-t-shirt-black:0
[  432541ms] [ERROR] Failed to load resource: net::ERR_FAILED @ https://trgcj0-r0.myshopify.com/api/collect:0
[  437907ms] [ERROR] Access to fetch at 'https://trgcj0-r0.myshopify.com/api/collect' from origin 'http://localhost:9292' has been blocked by CORS policy: Response to preflight request doesn't pass access control check: No 'Access-Control-Allow-Origin' header is present on the requested resource. @ http://localhost:9292/products/hardwell-maddix-revealed-a-c-i-d-oversized-t-shirt-black:0
[  437907ms] [ERROR] Failed to load resource: net::ERR_FAILED @ https://trgcj0-r0.myshopify.com/api/collect:0
[  443310ms] [ERROR] Access to fetch at 'https://trgcj0-r0.myshopify.com/api/collect' from origin 'http://localhost:9292' has been blocked by CORS policy: Response to preflight request doesn't pass access control check: No 'Access-Control-Allow-Origin' header is present on the requested resource. @ http://localhost:9292/products/hardwell-maddix-revealed-a-c-i-d-oversized-t-shirt-black:0
[  443311ms] [ERROR] Failed to load resource: net::ERR_FAILED @ https://trgcj0-r0.myshopify.com/api/collect:0
[  448688ms] [ERROR] Access to fetch at 'https://trgcj0-r0.myshopify.com/api/collect' from origin 'http://localhost:9292' has been blocked by CORS policy: Response to preflight request doesn't pass access control check: No 'Access-Control-Allow-Origin' header is present on the requested resource. @ http://localhost:9292/products/hardwell-maddix-revealed-a-c-i-d-oversized-t-shirt-black:0
[  448688ms] [ERROR] Failed to load resource: net::ERR_FAILED @ https://trgcj0-r0.myshopify.com/api/collect:0
[  454062ms] [ERROR] Access to fetch at 'https://trgcj0-r0.myshopify.com/api/collect' from origin 'http://localhost:9292' has been blocked by CORS policy: Response to preflight request doesn't pass access control check: No 'Access-Control-Allow-Origin' header is present on the requested resource. @ http://localhost:9292/products/hardwell-maddix-revealed-a-c-i-d-oversized-t-shirt-black:0
[  454063ms] [ERROR] Failed to load resource: net::ERR_FAILED @ https://trgcj0-r0.myshopify.com/api/collect:0
[  459432ms] [ERROR] Access to fetch at 'https://trgcj0-r0.myshopify.com/api/collect' from origin 'http://localhost:9292' has been blocked by CORS policy: Response to preflight request doesn't pass access control check: No 'Access-Control-Allow-Origin' header is present on the requested resource. @ http://localhost:9292/products/hardwell-maddix-revealed-a-c-i-d-oversized-t-shirt-black:0
[  459433ms] [ERROR] Failed to load resource: net::ERR_FAILED @ https://trgcj0-r0.myshopify.com/api/collect:0
[  464808ms] [ERROR] Access to fetch at 'https://trgcj0-r0.myshopify.com/api/collect' from origin 'http://localhost:9292' has been blocked by CORS policy: Response to preflight request doesn't pass access control check: No 'Access-Control-Allow-Origin' header is present on the requested resource. @ http://localhost:9292/products/hardwell-maddix-revealed-a-c-i-d-oversized-t-shirt-black:0
[  464808ms] [ERROR] Failed to load resource: net::ERR_FAILED @ https://trgcj0-r0.myshopify.com/api/collect:0
[  470165ms] [ERROR] Access to fetch at 'https://trgcj0-r0.myshopify.com/api/collect' from origin 'http://localhost:9292' has been blocked by CORS policy: Response to preflight request doesn't pass access control check: No 'Access-Control-Allow-Origin' header is present on the requested resource. @ http://localhost:9292/products/hardwell-maddix-revealed-a-c-i-d-oversized-t-shirt-black:0
[  470165ms] [ERROR] Failed to load resource: net::ERR_FAILED @ https://trgcj0-r0.myshopify.com/api/collect:0
[  475527ms] [ERROR] Access to fetch at 'https://trgcj0-r0.myshopify.com/api/collect' from origin 'http://localhost:9292' has been blocked by CORS policy: Response to preflight request doesn't pass access control check: No 'Access-Control-Allow-Origin' header is present on the requested resource. @ http://localhost:9292/products/hardwell-maddix-revealed-a-c-i-d-oversized-t-shirt-black:0
[  475527ms] [ERROR] Failed to load resource: net::ERR_FAILED @ https://trgcj0-r0.myshopify.com/api/collect:0
[  480896ms] [ERROR] Access to fetch at 'https://trgcj0-r0.myshopify.com/api/collect' from origin 'http://localhost:9292' has been blocked by CORS policy: Response to preflight request doesn't pass access control check: No 'Access-Control-Allow-Origin' header is present on the requested resource. @ http://localhost:9292/products/hardwell-maddix-revealed-a-c-i-d-oversized-t-shirt-black:0
[  480896ms] [ERROR] Failed to load resource: net::ERR_FAILED @ https://trgcj0-r0.myshopify.com/api/collect:0
[  486307ms] [ERROR] Access to fetch at 'https://trgcj0-r0.myshopify.com/api/collect' from origin 'http://localhost:9292' has been blocked by CORS policy: Response to preflight request doesn't pass access control check: No 'Access-Control-Allow-Origin' header is present on the requested resource. @ http://localhost:9292/products/hardwell-maddix-revealed-a-c-i-d-oversized-t-shirt-black:0
[  486308ms] [ERROR] Failed to load resource: net::ERR_FAILED @ https://trgcj0-r0.myshopify.com/api/collect:0
[  491674ms] [ERROR] Access to fetch at 'https://trgcj0-r0.myshopify.com/api/collect' from origin 'http://localhost:9292' has been blocked by CORS policy: Response to preflight request doesn't pass access control check: No 'Access-Control-Allow-Origin' header is present on the requested resource. @ http://localhost:9292/products/hardwell-maddix-revealed-a-c-i-d-oversized-t-shirt-black:0
[  491674ms] [ERROR] Failed to load resource: net::ERR_FAILED @ https://trgcj0-r0.myshopify.com/api/collect:0
[  497039ms] [ERROR] Access to fetch at 'https://trgcj0-r0.myshopify.com/api/collect' from origin 'http://localhost:9292' has been blocked by CORS policy: Response to preflight request doesn't pass access control check: No 'Access-Control-Allow-Origin' header is present on the requested resource. @ http://localhost:9292/products/hardwell-maddix-revealed-a-c-i-d-oversized-t-shirt-black:0
[  497040ms] [ERROR] Failed to load resource: net::ERR_FAILED @ https://trgcj0-r0.myshopify.com/api/collect:0
[  502400ms] [ERROR] Access to fetch at 'https://trgcj0-r0.myshopify.com/api/collect' from origin 'http://localhost:9292' has been blocked by CORS policy: Response to preflight request doesn't pass access control check: No 'Access-Control-Allow-Origin' header is present on the requested resource. @ http://localhost:9292/products/hardwell-maddix-revealed-a-c-i-d-oversized-t-shirt-black:0
[  502401ms] [ERROR] Failed to load resource: net::ERR_FAILED @ https://trgcj0-r0.myshopify.com/api/collect:0
[  507800ms] [ERROR] Access to fetch at 'https://trgcj0-r0.myshopify.com/api/collect' from origin 'http://localhost:9292' has been blocked by CORS policy: Response to preflight request doesn't pass access control check: No 'Access-Control-Allow-Origin' header is present on the requested resource. @ http://localhost:9292/products/hardwell-maddix-revealed-a-c-i-d-oversized-t-shirt-black:0
[  507800ms] [ERROR] Failed to load resource: net::ERR_FAILED @ https://trgcj0-r0.myshopify.com/api/collect:0
[  513204ms] [ERROR] Access to fetch at 'https://trgcj0-r0.myshopify.com/api/collect' from origin 'http://localhost:9292' has been blocked by CORS policy: Response to preflight request doesn't pass access control check: No 'Access-Control-Allow-Origin' header is present on the requested resource. @ http://localhost:9292/products/hardwell-maddix-revealed-a-c-i-d-oversized-t-shirt-black:0
[  513204ms] [ERROR] Failed to load resource: net::ERR_FAILED @ https://trgcj0-r0.myshopify.com/api/collect:0
[  516216ms] [ERROR] [HotReload] Connection closed by the server, attempting to reconnect... @ http://localhost:9292/cdn/shopifycloud/theme-hot-reload/theme-hot-reload.js:304
[  516318ms] [WARNING] GSAP or ScrollTrigger not loaded. Retrying... @ http://localhost:9292/cdn/shop/t/4/assets/section-footer-features.js?v=180436652779018945661774374927:13
[  516727ms] [ERROR] Access to fetch at 'https://trgcj0-r0.myshopify.com/api/collect' from origin 'http://localhost:9292' has been blocked by CORS policy: Response to preflight request doesn't pass access control check: No 'Access-Control-Allow-Origin' header is present on the requested resource. @ http://localhost:9292/products/hardwell-maddix-revealed-a-c-i-d-oversized-t-shirt-black:0
[  516727ms] [ERROR] Failed to load resource: net::ERR_FAILED @ https://trgcj0-r0.myshopify.com/api/collect:0
[  517091ms] [ERROR] Framing 'https://shop.app/' violates the following Content Security Policy directive: "frame-ancestors https://trgcj0-r0.myshopify.com https://trgcj0-r0.account.myshopify.com https://bassface.in https://www.bassface.in https://bassfacemusics.myshopify.com https://bassface-storefront-9e27aa684266004b66d3.o2.myshopify.dev https://shopify.com". The request has been blocked.
 @ :0
[  518115ms] [ERROR] Access to fetch at 'https://trgcj0-r0.myshopify.com/api/collect' from origin 'http://localhost:9292' has been blocked by CORS policy: Response to preflight request doesn't pass access control check: No 'Access-Control-Allow-Origin' header is present on the requested resource. @ http://localhost:9292/products/hardwell-maddix-revealed-a-c-i-d-oversized-t-shirt-black:0
[  518115ms] [ERROR] Failed to load resource: net::ERR_FAILED @ https://trgcj0-r0.myshopify.com/api/collect:0
[  520464ms] [ERROR] Access to fetch at 'https://trgcj0-r0.myshopify.com/api/collect' from origin 'http://localhost:9292' has been blocked by CORS policy: Response to preflight request doesn't pass access control check: No 'Access-Control-Allow-Origin' header is present on the requested resource. @ http://localhost:9292/products/hardwell-maddix-revealed-a-c-i-d-oversized-t-shirt-black:0
[  520464ms] [ERROR] Failed to load resource: net::ERR_FAILED @ https://trgcj0-r0.myshopify.com/api/collect:0
[  522115ms] [ERROR] Access to fetch at 'https://trgcj0-r0.myshopify.com/api/collect' from origin 'http://localhost:9292' has been blocked by CORS policy: Response to preflight request doesn't pass access control check: No 'Access-Control-Allow-Origin' header is present on the requested resource. @ http://localhost:9292/products/hardwell-maddix-revealed-a-c-i-d-oversized-t-shirt-black:0
[  522115ms] [ERROR] Failed to load resource: net::ERR_FAILED @ https://trgcj0-r0.myshopify.com/api/collect:0
[  524813ms] [ERROR] Access to fetch at 'https://trgcj0-r0.myshopify.com/api/collect' from origin 'http://localhost:9292' has been blocked by CORS policy: Response to preflight request doesn't pass access control check: No 'Access-Control-Allow-Origin' header is present on the requested resource. @ http://localhost:9292/products/hardwell-maddix-revealed-a-c-i-d-oversized-t-shirt-black:0
[  524813ms] [ERROR] Failed to load resource: net::ERR_FAILED @ https://trgcj0-r0.myshopify.com/api/collect:0
[  527570ms] [ERROR] Access to fetch at 'https://trgcj0-r0.myshopify.com/api/collect' from origin 'http://localhost:9292' has been blocked by CORS policy: Response to preflight request doesn't pass access control check: No 'Access-Control-Allow-Origin' header is present on the requested resource. @ http://localhost:9292/products/hardwell-maddix-revealed-a-c-i-d-oversized-t-shirt-black:0
[  527570ms] [ERROR] Failed to load resource: net::ERR_FAILED @ https://trgcj0-r0.myshopify.com/api/collect:0
[  532968ms] [ERROR] Access to fetch at 'https://trgcj0-r0.myshopify.com/api/collect' from origin 'http://localhost:9292' has been blocked by CORS policy: Response to preflight request doesn't pass access control check: No 'Access-Control-Allow-Origin' header is present on the requested resource. @ http://localhost:9292/products/hardwell-maddix-revealed-a-c-i-d-oversized-t-shirt-black:0
[  532968ms] [ERROR] Failed to load resource: net::ERR_FAILED @ https://trgcj0-r0.myshopify.com/api/collect:0
[  538344ms] [ERROR] Access to fetch at 'https://trgcj0-r0.myshopify.com/api/collect' from origin 'http://localhost:9292' has been blocked by CORS policy: Response to preflight request doesn't pass access control check: No 'Access-Control-Allow-Origin' header is present on the requested resource. @ http://localhost:9292/products/hardwell-maddix-revealed-a-c-i-d-oversized-t-shirt-black:0
[  538344ms] [ERROR] Failed to load resource: net::ERR_FAILED @ https://trgcj0-r0.myshopify.com/api/collect:0
[  543803ms] [ERROR] Access to fetch at 'https://trgcj0-r0.myshopify.com/api/collect' from origin 'http://localhost:9292' has been blocked by CORS policy: Response to preflight request doesn't pass access control check: No 'Access-Control-Allow-Origin' header is present on the requested resource. @ http://localhost:9292/products/hardwell-maddix-revealed-a-c-i-d-oversized-t-shirt-black:0
[  543803ms] [ERROR] Failed to load resource: net::ERR_FAILED @ https://trgcj0-r0.myshopify.com/api/collect:0
[  549221ms] [ERROR] Access to fetch at 'https://trgcj0-r0.myshopify.com/api/collect' from origin 'http://localhost:9292' has been blocked by CORS policy: Response to preflight request doesn't pass access control check: No 'Access-Control-Allow-Origin' header is present on the requested resource. @ http://localhost:9292/products/hardwell-maddix-revealed-a-c-i-d-oversized-t-shirt-black:0
[  549221ms] [ERROR] Failed to load resource: net::ERR_FAILED @ https://trgcj0-r0.myshopify.com/api/collect:0
[  554582ms] [ERROR] Access to fetch at 'https://trgcj0-r0.myshopify.com/api/collect' from origin 'http://localhost:9292' has been blocked by CORS policy: Response to preflight request doesn't pass access control check: No 'Access-Control-Allow-Origin' header is present on the requested resource. @ http://localhost:9292/products/hardwell-maddix-revealed-a-c-i-d-oversized-t-shirt-black:0
[  554582ms] [ERROR] Failed to load resource: net::ERR_FAILED @ https://trgcj0-r0.myshopify.com/api/collect:0
[  559971ms] [ERROR] Access to fetch at 'https://trgcj0-r0.myshopify.com/api/collect' from origin 'http://localhost:9292' has been blocked by CORS policy: Response to preflight request doesn't pass access control check: No 'Access-Control-Allow-Origin' header is present on the requested resource. @ http://localhost:9292/products/hardwell-maddix-revealed-a-c-i-d-oversized-t-shirt-black:0
[  559972ms] [ERROR] Failed to load resource: net::ERR_FAILED @ https://trgcj0-r0.myshopify.com/api/collect:0
[  565342ms] [ERROR] Access to fetch at 'https://trgcj0-r0.myshopify.com/api/collect' from origin 'http://localhost:9292' has been blocked by CORS policy: Response to preflight request doesn't pass access control check: No 'Access-Control-Allow-Origin' header is present on the requested resource. @ http://localhost:9292/products/hardwell-maddix-revealed-a-c-i-d-oversized-t-shirt-black:0
[  565343ms] [ERROR] Failed to load resource: net::ERR_FAILED @ https://trgcj0-r0.myshopify.com/api/collect:0
[  570716ms] [ERROR] Access to fetch at 'https://trgcj0-r0.myshopify.com/api/collect' from origin 'http://localhost:9292' has been blocked by CORS policy: Response to preflight request doesn't pass access control check: No 'Access-Control-Allow-Origin' header is present on the requested resource. @ http://localhost:9292/products/hardwell-maddix-revealed-a-c-i-d-oversized-t-shirt-black:0
[  570716ms] [ERROR] Failed to load resource: net::ERR_FAILED @ https://trgcj0-r0.myshopify.com/api/collect:0
[  576077ms] [ERROR] Access to fetch at 'https://trgcj0-r0.myshopify.com/api/collect' from origin 'http://localhost:9292' has been blocked by CORS policy: Response to preflight request doesn't pass access control check: No 'Access-Control-Allow-Origin' header is present on the requested resource. @ http://localhost:9292/products/hardwell-maddix-revealed-a-c-i-d-oversized-t-shirt-black:0
[  576077ms] [ERROR] Failed to load resource: net::ERR_FAILED @ https://trgcj0-r0.myshopify.com/api/collect:0
[  581442ms] [ERROR] Access to fetch at 'https://trgcj0-r0.myshopify.com/api/collect' from origin 'http://localhost:9292' has been blocked by CORS policy: Response to preflight request doesn't pass access control check: No 'Access-Control-Allow-Origin' header is present on the requested resource. @ http://localhost:9292/products/hardwell-maddix-revealed-a-c-i-d-oversized-t-shirt-black:0
[  581442ms] [ERROR] Failed to load resource: net::ERR_FAILED @ https://trgcj0-r0.myshopify.com/api/collect:0
[  586798ms] [ERROR] Access to fetch at 'https://trgcj0-r0.myshopify.com/api/collect' from origin 'http://localhost:9292' has been blocked by CORS policy: Response to preflight request doesn't pass access control check: No 'Access-Control-Allow-Origin' header is present on the requested resource. @ http://localhost:9292/products/hardwell-maddix-revealed-a-c-i-d-oversized-t-shirt-black:0
[  586798ms] [ERROR] Failed to load resource: net::ERR_FAILED @ https://trgcj0-r0.myshopify.com/api/collect:0
[  592214ms] [ERROR] Access to fetch at 'https://trgcj0-r0.myshopify.com/api/collect' from origin 'http://localhost:9292' has been blocked by CORS policy: Response to preflight request doesn't pass access control check: No 'Access-Control-Allow-Origin' header is present on the requested resource. @ http://localhost:9292/products/hardwell-maddix-revealed-a-c-i-d-oversized-t-shirt-black:0
[  592214ms] [ERROR] Failed to load resource: net::ERR_FAILED @ https://trgcj0-r0.myshopify.com/api/collect:0
[  597585ms] [ERROR] Access to fetch at 'https://trgcj0-r0.myshopify.com/api/collect' from origin 'http://localhost:9292' has been blocked by CORS policy: Response to preflight request doesn't pass access control check: No 'Access-Control-Allow-Origin' header is present on the requested resource. @ http://localhost:9292/products/hardwell-maddix-revealed-a-c-i-d-oversized-t-shirt-black:0
[  597586ms] [ERROR] Failed to load resource: net::ERR_FAILED @ https://trgcj0-r0.myshopify.com/api/collect:0
[  602943ms] [ERROR] Access to fetch at 'https://trgcj0-r0.myshopify.com/api/collect' from origin 'http://localhost:9292' has been blocked by CORS policy: Response to preflight request doesn't pass access control check: No 'Access-Control-Allow-Origin' header is present on the requested resource. @ http://localhost:9292/products/hardwell-maddix-revealed-a-c-i-d-oversized-t-shirt-black:0
[  602943ms] [ERROR] Failed to load resource: net::ERR_FAILED @ https://trgcj0-r0.myshopify.com/api/collect:0
[  608299ms] [ERROR] Access to fetch at 'https://trgcj0-r0.myshopify.com/api/collect' from origin 'http://localhost:9292' has been blocked by CORS policy: Response to preflight request doesn't pass access control check: No 'Access-Control-Allow-Origin' header is present on the requested resource. @ http://localhost:9292/products/hardwell-maddix-revealed-a-c-i-d-oversized-t-shirt-black:0
[  608300ms] [ERROR] Failed to load resource: net::ERR_FAILED @ https://trgcj0-r0.myshopify.com/api/collect:0
[  613715ms] [ERROR] Access to fetch at 'https://trgcj0-r0.myshopify.com/api/collect' from origin 'http://localhost:9292' has been blocked by CORS policy: Response to preflight request doesn't pass access control check: No 'Access-Control-Allow-Origin' header is present on the requested resource. @ http://localhost:9292/products/hardwell-maddix-revealed-a-c-i-d-oversized-t-shirt-black:0
[  613716ms] [ERROR] Failed to load resource: net::ERR_FAILED @ https://trgcj0-r0.myshopify.com/api/collect:0
[  619107ms] [ERROR] Access to fetch at 'https://trgcj0-r0.myshopify.com/api/collect' from origin 'http://localhost:9292' has been blocked by CORS policy: Response to preflight request doesn't pass access control check: No 'Access-Control-Allow-Origin' header is present on the requested resource. @ http://localhost:9292/products/hardwell-maddix-revealed-a-c-i-d-oversized-t-shirt-black:0
[  619107ms] [ERROR] Failed to load resource: net::ERR_FAILED @ https://trgcj0-r0.myshopify.com/api/collect:0
[  624556ms] [ERROR] Access to fetch at 'https://trgcj0-r0.myshopify.com/api/collect' from origin 'http://localhost:9292' has been blocked by CORS policy: Response to preflight request doesn't pass access control check: No 'Access-Control-Allow-Origin' header is present on the requested resource. @ http://localhost:9292/products/hardwell-maddix-revealed-a-c-i-d-oversized-t-shirt-black:0
[  624556ms] [ERROR] Failed to load resource: net::ERR_FAILED @ https://trgcj0-r0.myshopify.com/api/collect:0
[  629963ms] [ERROR] Access to fetch at 'https://trgcj0-r0.myshopify.com/api/collect' from origin 'http://localhost:9292' has been blocked by CORS policy: Response to preflight request doesn't pass access control check: No 'Access-Control-Allow-Origin' header is present on the requested resource. @ http://localhost:9292/products/hardwell-maddix-revealed-a-c-i-d-oversized-t-shirt-black:0
[  629964ms] [ERROR] Failed to load resource: net::ERR_FAILED @ https://trgcj0-r0.myshopify.com/api/collect:0
[  635344ms] [ERROR] Access to fetch at 'https://trgcj0-r0.myshopify.com/api/collect' from origin 'http://localhost:9292' has been blocked by CORS policy: Response to preflight request doesn't pass access control check: No 'Access-Control-Allow-Origin' header is present on the requested resource. @ http://localhost:9292/products/hardwell-maddix-revealed-a-c-i-d-oversized-t-shirt-black:0
[  635344ms] [ERROR] Failed to load resource: net::ERR_FAILED @ https://trgcj0-r0.myshopify.com/api/collect:0
[  640813ms] [ERROR] Access to fetch at 'https://trgcj0-r0.myshopify.com/api/collect' from origin 'http://localhost:9292' has been blocked by CORS policy: Response to preflight request doesn't pass access control check: No 'Access-Control-Allow-Origin' header is present on the requested resource. @ http://localhost:9292/products/hardwell-maddix-revealed-a-c-i-d-oversized-t-shirt-black:0
[  640813ms] [ERROR] Failed to load resource: net::ERR_FAILED @ https://trgcj0-r0.myshopify.com/api/collect:0
[  646217ms] [ERROR] Access to fetch at 'https://trgcj0-r0.myshopify.com/api/collect' from origin 'http://localhost:9292' has been blocked by CORS policy: Response to preflight request doesn't pass access control check: No 'Access-Control-Allow-Origin' header is present on the requested resource. @ http://localhost:9292/products/hardwell-maddix-revealed-a-c-i-d-oversized-t-shirt-black:0
[  646217ms] [ERROR] Failed to load resource: net::ERR_FAILED @ https://trgcj0-r0.myshopify.com/api/collect:0
[  651582ms] [ERROR] Access to fetch at 'https://trgcj0-r0.myshopify.com/api/collect' from origin 'http://localhost:9292' has been blocked by CORS policy: Response to preflight request doesn't pass access control check: No 'Access-Control-Allow-Origin' header is present on the requested resource. @ http://localhost:9292/products/hardwell-maddix-revealed-a-c-i-d-oversized-t-shirt-black:0
[  651582ms] [ERROR] Failed to load resource: net::ERR_FAILED @ https://trgcj0-r0.myshopify.com/api/collect:0
[  656942ms] [ERROR] Access to fetch at 'https://trgcj0-r0.myshopify.com/api/collect' from origin 'http://localhost:9292' has been blocked by CORS policy: Response to preflight request doesn't pass access control check: No 'Access-Control-Allow-Origin' header is present on the requested resource. @ http://localhost:9292/products/hardwell-maddix-revealed-a-c-i-d-oversized-t-shirt-black:0
[  656943ms] [ERROR] Failed to load resource: net::ERR_FAILED @ https://trgcj0-r0.myshopify.com/api/collect:0
[  662303ms] [ERROR] Access to fetch at 'https://trgcj0-r0.myshopify.com/api/collect' from origin 'http://localhost:9292' has been blocked by CORS policy: Response to preflight request doesn't pass access control check: No 'Access-Control-Allow-Origin' header is present on the requested resource. @ http://localhost:9292/products/hardwell-maddix-revealed-a-c-i-d-oversized-t-shirt-black:0
[  662304ms] [ERROR] Failed to load resource: net::ERR_FAILED @ https://trgcj0-r0.myshopify.com/api/collect:0
[  667714ms] [ERROR] Access to fetch at 'https://trgcj0-r0.myshopify.com/api/collect' from origin 'http://localhost:9292' has been blocked by CORS policy: Response to preflight request doesn't pass access control check: No 'Access-Control-Allow-Origin' header is present on the requested resource. @ http://localhost:9292/products/hardwell-maddix-revealed-a-c-i-d-oversized-t-shirt-black:0
[  667714ms] [ERROR] Failed to load resource: net::ERR_FAILED @ https://trgcj0-r0.myshopify.com/api/collect:0
[  673079ms] [ERROR] Access to fetch at 'https://trgcj0-r0.myshopify.com/api/collect' from origin 'http://localhost:9292' has been blocked by CORS policy: Response to preflight request doesn't pass access control check: No 'Access-Control-Allow-Origin' header is present on the requested resource. @ http://localhost:9292/products/hardwell-maddix-revealed-a-c-i-d-oversized-t-shirt-black:0
[  673079ms] [ERROR] Failed to load resource: net::ERR_FAILED @ https://trgcj0-r0.myshopify.com/api/collect:0
[  678452ms] [ERROR] Access to fetch at 'https://trgcj0-r0.myshopify.com/api/collect' from origin 'http://localhost:9292' has been blocked by CORS policy: Response to preflight request doesn't pass access control check: No 'Access-Control-Allow-Origin' header is present on the requested resource. @ http://localhost:9292/products/hardwell-maddix-revealed-a-c-i-d-oversized-t-shirt-black:0
[  678452ms] [ERROR] Failed to load resource: net::ERR_FAILED @ https://trgcj0-r0.myshopify.com/api/collect:0
[  683824ms] [ERROR] Access to fetch at 'https://trgcj0-r0.myshopify.com/api/collect' from origin 'http://localhost:9292' has been blocked by CORS policy: Response to preflight request doesn't pass access control check: No 'Access-Control-Allow-Origin' header is present on the requested resource. @ http://localhost:9292/products/hardwell-maddix-revealed-a-c-i-d-oversized-t-shirt-black:0
[  683824ms] [ERROR] Failed to load resource: net::ERR_FAILED @ https://trgcj0-r0.myshopify.com/api/collect:0
[  689210ms] [ERROR] Access to fetch at 'https://trgcj0-r0.myshopify.com/api/collect' from origin 'http://localhost:9292' has been blocked by CORS policy: Response to preflight request doesn't pass access control check: No 'Access-Control-Allow-Origin' header is present on the requested resource. @ http://localhost:9292/products/hardwell-maddix-revealed-a-c-i-d-oversized-t-shirt-black:0
[  689210ms] [ERROR] Failed to load resource: net::ERR_FAILED @ https://trgcj0-r0.myshopify.com/api/collect:0
[  694558ms] [ERROR] Access to fetch at 'https://trgcj0-r0.myshopify.com/api/collect' from origin 'http://localhost:9292' has been blocked by CORS policy: Response to preflight request doesn't pass access control check: No 'Access-Control-Allow-Origin' header is present on the requested resource. @ http://localhost:9292/products/hardwell-maddix-revealed-a-c-i-d-oversized-t-shirt-black:0
[  694558ms] [ERROR] Failed to load resource: net::ERR_FAILED @ https://trgcj0-r0.myshopify.com/api/collect:0
[  699913ms] [ERROR] Access to fetch at 'https://trgcj0-r0.myshopify.com/api/collect' from origin 'http://localhost:9292' has been blocked by CORS policy: Response to preflight request doesn't pass access control check: No 'Access-Control-Allow-Origin' header is present on the requested resource. @ http://localhost:9292/products/hardwell-maddix-revealed-a-c-i-d-oversized-t-shirt-black:0
[  699914ms] [ERROR] Failed to load resource: net::ERR_FAILED @ https://trgcj0-r0.myshopify.com/api/collect:0
[  705287ms] [ERROR] Access to fetch at 'https://trgcj0-r0.myshopify.com/api/collect' from origin 'http://localhost:9292' has been blocked by CORS policy: Response to preflight request doesn't pass access control check: No 'Access-Control-Allow-Origin' header is present on the requested resource. @ http://localhost:9292/products/hardwell-maddix-revealed-a-c-i-d-oversized-t-shirt-black:0
[  705287ms] [ERROR] Failed to load resource: net::ERR_FAILED @ https://trgcj0-r0.myshopify.com/api/collect:0
[  710740ms] [ERROR] Unsafe attempt to load URL https://shop.app/pay/hop?analytics_trace_id=49fbb41a-d7f9-4ee3-b9cd-ece0c8ac7b7f&target_origin=http%3A%2F%2Flocalhost%3A9292&client_handle=trgcj0-r0.myshopify.com from frame with URL chrome-error://chromewebdata/. Domains, protocols and ports must match.
 @ chrome-error://chromewebdata/:0
[  710796ms] [ERROR] Access to fetch at 'https://trgcj0-r0.myshopify.com/api/collect' from origin 'http://localhost:9292' has been blocked by CORS policy: Response to preflight request doesn't pass access control check: No 'Access-Control-Allow-Origin' header is present on the requested resource. @ http://localhost:9292/products/hardwell-maddix-revealed-a-c-i-d-oversized-t-shirt-black:0
[  710796ms] [ERROR] Failed to load resource: net::ERR_FAILED @ https://trgcj0-r0.myshopify.com/api/collect:0
[  716166ms] [ERROR] Access to fetch at 'https://trgcj0-r0.myshopify.com/api/collect' from origin 'http://localhost:9292' has been blocked by CORS policy: Response to preflight request doesn't pass access control check: No 'Access-Control-Allow-Origin' header is present on the requested resource. @ http://localhost:9292/products/hardwell-maddix-revealed-a-c-i-d-oversized-t-shirt-black:0
[  716166ms] [ERROR] Failed to load resource: net::ERR_FAILED @ https://trgcj0-r0.myshopify.com/api/collect:0
[  721551ms] [ERROR] Access to fetch at 'https://trgcj0-r0.myshopify.com/api/collect' from origin 'http://localhost:9292' has been blocked by CORS policy: Response to preflight request doesn't pass access control check: No 'Access-Control-Allow-Origin' header is present on the requested resource. @ http://localhost:9292/products/hardwell-maddix-revealed-a-c-i-d-oversized-t-shirt-black:0
[  721551ms] [ERROR] Failed to load resource: net::ERR_FAILED @ https://trgcj0-r0.myshopify.com/api/collect:0
[  726958ms] [ERROR] Access to fetch at 'https://trgcj0-r0.myshopify.com/api/collect' from origin 'http://localhost:9292' has been blocked by CORS policy: Response to preflight request doesn't pass access control check: No 'Access-Control-Allow-Origin' header is present on the requested resource. @ http://localhost:9292/products/hardwell-maddix-revealed-a-c-i-d-oversized-t-shirt-black:0
[  726959ms] [ERROR] Failed to load resource: net::ERR_FAILED @ https://trgcj0-r0.myshopify.com/api/collect:0
[  732331ms] [ERROR] Access to fetch at 'https://trgcj0-r0.myshopify.com/api/collect' from origin 'http://localhost:9292' has been blocked by CORS policy: Response to preflight request doesn't pass access control check: No 'Access-Control-Allow-Origin' header is present on the requested resource. @ http://localhost:9292/products/hardwell-maddix-revealed-a-c-i-d-oversized-t-shirt-black:0
[  732331ms] [ERROR] Failed to load resource: net::ERR_FAILED @ https://trgcj0-r0.myshopify.com/api/collect:0
[  737702ms] [ERROR] Access to fetch at 'https://trgcj0-r0.myshopify.com/api/collect' from origin 'http://localhost:9292' has been blocked by CORS policy: Response to preflight request doesn't pass access control check: No 'Access-Control-Allow-Origin' header is present on the requested resource. @ http://localhost:9292/products/hardwell-maddix-revealed-a-c-i-d-oversized-t-shirt-black:0
[  737703ms] [ERROR] Failed to load resource: net::ERR_FAILED @ https://trgcj0-r0.myshopify.com/api/collect:0
[  743077ms] [ERROR] Access to fetch at 'https://trgcj0-r0.myshopify.com/api/collect' from origin 'http://localhost:9292' has been blocked by CORS policy: Response to preflight request doesn't pass access control check: No 'Access-Control-Allow-Origin' header is present on the requested resource. @ http://localhost:9292/products/hardwell-maddix-revealed-a-c-i-d-oversized-t-shirt-black:0
[  743077ms] [ERROR] Failed to load resource: net::ERR_FAILED @ https://trgcj0-r0.myshopify.com/api/collect:0
[  748461ms] [ERROR] Access to fetch at 'https://trgcj0-r0.myshopify.com/api/collect' from origin 'http://localhost:9292' has been blocked by CORS policy: Response to preflight request doesn't pass access control check: No 'Access-Control-Allow-Origin' header is present on the requested resource. @ http://localhost:9292/products/hardwell-maddix-revealed-a-c-i-d-oversized-t-shirt-black:0
[  748462ms] [ERROR] Failed to load resource: net::ERR_FAILED @ https://trgcj0-r0.myshopify.com/api/collect:0
[  753846ms] [ERROR] Access to fetch at 'https://trgcj0-r0.myshopify.com/api/collect' from origin 'http://localhost:9292' has been blocked by CORS policy: Response to preflight request doesn't pass access control check: No 'Access-Control-Allow-Origin' header is present on the requested resource. @ http://localhost:9292/products/hardwell-maddix-revealed-a-c-i-d-oversized-t-shirt-black:0
[  753847ms] [ERROR] Failed to load resource: net::ERR_FAILED @ https://trgcj0-r0.myshopify.com/api/collect:0
[  759292ms] [ERROR] Access to fetch at 'https://trgcj0-r0.myshopify.com/api/collect' from origin 'http://localhost:9292' has been blocked by CORS policy: Response to preflight request doesn't pass access control check: No 'Access-Control-Allow-Origin' header is present on the requested resource. @ http://localhost:9292/products/hardwell-maddix-revealed-a-c-i-d-oversized-t-shirt-black:0
[  759292ms] [ERROR] Failed to load resource: net::ERR_FAILED @ https://trgcj0-r0.myshopify.com/api/collect:0
[  764711ms] [ERROR] Access to fetch at 'https://trgcj0-r0.myshopify.com/api/collect' from origin 'http://localhost:9292' has been blocked by CORS policy: Response to preflight request doesn't pass access control check: No 'Access-Control-Allow-Origin' header is present on the requested resource. @ http://localhost:9292/products/hardwell-maddix-revealed-a-c-i-d-oversized-t-shirt-black:0
[  764711ms] [ERROR] Failed to load resource: net::ERR_FAILED @ https://trgcj0-r0.myshopify.com/api/collect:0
[  770079ms] [ERROR] Access to fetch at 'https://trgcj0-r0.myshopify.com/api/collect' from origin 'http://localhost:9292' has been blocked by CORS policy: Response to preflight request doesn't pass access control check: No 'Access-Control-Allow-Origin' header is present on the requested resource. @ http://localhost:9292/products/hardwell-maddix-revealed-a-c-i-d-oversized-t-shirt-black:0
[  770079ms] [ERROR] Failed to load resource: net::ERR_FAILED @ https://trgcj0-r0.myshopify.com/api/collect:0
[  775478ms] [ERROR] Access to fetch at 'https://trgcj0-r0.myshopify.com/api/collect' from origin 'http://localhost:9292' has been blocked by CORS policy: Response to preflight request doesn't pass access control check: No 'Access-Control-Allow-Origin' header is present on the requested resource. @ http://localhost:9292/products/hardwell-maddix-revealed-a-c-i-d-oversized-t-shirt-black:0
[  775478ms] [ERROR] Failed to load resource: net::ERR_FAILED @ https://trgcj0-r0.myshopify.com/api/collect:0
[  780859ms] [ERROR] Access to fetch at 'https://trgcj0-r0.myshopify.com/api/collect' from origin 'http://localhost:9292' has been blocked by CORS policy: Response to preflight request doesn't pass access control check: No 'Access-Control-Allow-Origin' header is present on the requested resource. @ http://localhost:9292/products/hardwell-maddix-revealed-a-c-i-d-oversized-t-shirt-black:0
[  780859ms] [ERROR] Failed to load resource: net::ERR_FAILED @ https://trgcj0-r0.myshopify.com/api/collect:0
[  786228ms] [ERROR] Access to fetch at 'https://trgcj0-r0.myshopify.com/api/collect' from origin 'http://localhost:9292' has been blocked by CORS policy: Response to preflight request doesn't pass access control check: No 'Access-Control-Allow-Origin' header is present on the requested resource. @ http://localhost:9292/products/hardwell-maddix-revealed-a-c-i-d-oversized-t-shirt-black:0
[  786228ms] [ERROR] Failed to load resource: net::ERR_FAILED @ https://trgcj0-r0.myshopify.com/api/collect:0
[  791598ms] [ERROR] Access to fetch at 'https://trgcj0-r0.myshopify.com/api/collect' from origin 'http://localhost:9292' has been blocked by CORS policy: Response to preflight request doesn't pass access control check: No 'Access-Control-Allow-Origin' header is present on the requested resource. @ http://localhost:9292/products/hardwell-maddix-revealed-a-c-i-d-oversized-t-shirt-black:0
[  791599ms] [ERROR] Failed to load resource: net::ERR_FAILED @ https://trgcj0-r0.myshopify.com/api/collect:0
[  797042ms] [ERROR] Access to fetch at 'https://trgcj0-r0.myshopify.com/api/collect' from origin 'http://localhost:9292' has been blocked by CORS policy: Response to preflight request doesn't pass access control check: No 'Access-Control-Allow-Origin' header is present on the requested resource. @ http://localhost:9292/products/hardwell-maddix-revealed-a-c-i-d-oversized-t-shirt-black:0
[  797042ms] [ERROR] Failed to load resource: net::ERR_FAILED @ https://trgcj0-r0.myshopify.com/api/collect:0
[  802460ms] [ERROR] Access to fetch at 'https://trgcj0-r0.myshopify.com/api/collect' from origin 'http://localhost:9292' has been blocked by CORS policy: Response to preflight request doesn't pass access control check: No 'Access-Control-Allow-Origin' header is present on the requested resource. @ http://localhost:9292/products/hardwell-maddix-revealed-a-c-i-d-oversized-t-shirt-black:0
[  802460ms] [ERROR] Failed to load resource: net::ERR_FAILED @ https://trgcj0-r0.myshopify.com/api/collect:0
[  807814ms] [ERROR] Access to fetch at 'https://trgcj0-r0.myshopify.com/api/collect' from origin 'http://localhost:9292' has been blocked by CORS policy: Response to preflight request doesn't pass access control check: No 'Access-Control-Allow-Origin' header is present on the requested resource. @ http://localhost:9292/products/hardwell-maddix-revealed-a-c-i-d-oversized-t-shirt-black:0
[  807814ms] [ERROR] Failed to load resource: net::ERR_FAILED @ https://trgcj0-r0.myshopify.com/api/collect:0
[  813193ms] [ERROR] Access to fetch at 'https://trgcj0-r0.myshopify.com/api/collect' from origin 'http://localhost:9292' has been blocked by CORS policy: Response to preflight request doesn't pass access control check: No 'Access-Control-Allow-Origin' header is present on the requested resource. @ http://localhost:9292/products/hardwell-maddix-revealed-a-c-i-d-oversized-t-shirt-black:0
[  813193ms] [ERROR] Failed to load resource: net::ERR_FAILED @ https://trgcj0-r0.myshopify.com/api/collect:0
[  818565ms] [ERROR] Access to fetch at 'https://trgcj0-r0.myshopify.com/api/collect' from origin 'http://localhost:9292' has been blocked by CORS policy: Response to preflight request doesn't pass access control check: No 'Access-Control-Allow-Origin' header is present on the requested resource. @ http://localhost:9292/products/hardwell-maddix-revealed-a-c-i-d-oversized-t-shirt-black:0
[  818565ms] [ERROR] Failed to load resource: net::ERR_FAILED @ https://trgcj0-r0.myshopify.com/api/collect:0
[  823957ms] [ERROR] Access to fetch at 'https://trgcj0-r0.myshopify.com/api/collect' from origin 'http://localhost:9292' has been blocked by CORS policy: Response to preflight request doesn't pass access control check: No 'Access-Control-Allow-Origin' header is present on the requested resource. @ http://localhost:9292/products/hardwell-maddix-revealed-a-c-i-d-oversized-t-shirt-black:0
[  823958ms] [ERROR] Failed to load resource: net::ERR_FAILED @ https://trgcj0-r0.myshopify.com/api/collect:0
[  829321ms] [ERROR] Access to fetch at 'https://trgcj0-r0.myshopify.com/api/collect' from origin 'http://localhost:9292' has been blocked by CORS policy: Response to preflight request doesn't pass access control check: No 'Access-Control-Allow-Origin' header is present on the requested resource. @ http://localhost:9292/products/hardwell-maddix-revealed-a-c-i-d-oversized-t-shirt-black:0
[  829321ms] [ERROR] Failed to load resource: net::ERR_FAILED @ https://trgcj0-r0.myshopify.com/api/collect:0
[  834685ms] [ERROR] Access to fetch at 'https://trgcj0-r0.myshopify.com/api/collect' from origin 'http://localhost:9292' has been blocked by CORS policy: Response to preflight request doesn't pass access control check: No 'Access-Control-Allow-Origin' header is present on the requested resource. @ http://localhost:9292/products/hardwell-maddix-revealed-a-c-i-d-oversized-t-shirt-black:0
[  834686ms] [ERROR] Failed to load resource: net::ERR_FAILED @ https://trgcj0-r0.myshopify.com/api/collect:0
[  840060ms] [ERROR] Access to fetch at 'https://trgcj0-r0.myshopify.com/api/collect' from origin 'http://localhost:9292' has been blocked by CORS policy: Response to preflight request doesn't pass access control check: No 'Access-Control-Allow-Origin' header is present on the requested resource. @ http://localhost:9292/products/hardwell-maddix-revealed-a-c-i-d-oversized-t-shirt-black:0
[  840060ms] [ERROR] Failed to load resource: net::ERR_FAILED @ https://trgcj0-r0.myshopify.com/api/collect:0
[  845452ms] [ERROR] Access to fetch at 'https://trgcj0-r0.myshopify.com/api/collect' from origin 'http://localhost:9292' has been blocked by CORS policy: Response to preflight request doesn't pass access control check: No 'Access-Control-Allow-Origin' header is present on the requested resource. @ http://localhost:9292/products/hardwell-maddix-revealed-a-c-i-d-oversized-t-shirt-black:0
[  845452ms] [ERROR] Failed to load resource: net::ERR_FAILED @ https://trgcj0-r0.myshopify.com/api/collect:0
[  850815ms] [ERROR] Access to fetch at 'https://trgcj0-r0.myshopify.com/api/collect' from origin 'http://localhost:9292' has been blocked by CORS policy: Response to preflight request doesn't pass access control check: No 'Access-Control-Allow-Origin' header is present on the requested resource. @ http://localhost:9292/products/hardwell-maddix-revealed-a-c-i-d-oversized-t-shirt-black:0
[  850816ms] [ERROR] Failed to load resource: net::ERR_FAILED @ https://trgcj0-r0.myshopify.com/api/collect:0
[  856195ms] [ERROR] Access to fetch at 'https://trgcj0-r0.myshopify.com/api/collect' from origin 'http://localhost:9292' has been blocked by CORS policy: Response to preflight request doesn't pass access control check: No 'Access-Control-Allow-Origin' header is present on the requested resource. @ http://localhost:9292/products/hardwell-maddix-revealed-a-c-i-d-oversized-t-shirt-black:0
[  856196ms] [ERROR] Failed to load resource: net::ERR_FAILED @ https://trgcj0-r0.myshopify.com/api/collect:0
[  861578ms] [ERROR] Access to fetch at 'https://trgcj0-r0.myshopify.com/api/collect' from origin 'http://localhost:9292' has been blocked by CORS policy: Response to preflight request doesn't pass access control check: No 'Access-Control-Allow-Origin' header is present on the requested resource. @ http://localhost:9292/products/hardwell-maddix-revealed-a-c-i-d-oversized-t-shirt-black:0
[  861578ms] [ERROR] Failed to load resource: net::ERR_FAILED @ https://trgcj0-r0.myshopify.com/api/collect:0
[  866953ms] [ERROR] Access to fetch at 'https://trgcj0-r0.myshopify.com/api/collect' from origin 'http://localhost:9292' has been blocked by CORS policy: Response to preflight request doesn't pass access control check: No 'Access-Control-Allow-Origin' header is present on the requested resource. @ http://localhost:9292/products/hardwell-maddix-revealed-a-c-i-d-oversized-t-shirt-black:0
[  866953ms] [ERROR] Failed to load resource: net::ERR_FAILED @ https://trgcj0-r0.myshopify.com/api/collect:0
[  872321ms] [ERROR] Access to fetch at 'https://trgcj0-r0.myshopify.com/api/collect' from origin 'http://localhost:9292' has been blocked by CORS policy: Response to preflight request doesn't pass access control check: No 'Access-Control-Allow-Origin' header is present on the requested resource. @ http://localhost:9292/products/hardwell-maddix-revealed-a-c-i-d-oversized-t-shirt-black:0
[  872322ms] [ERROR] Failed to load resource: net::ERR_FAILED @ https://trgcj0-r0.myshopify.com/api/collect:0
[  877684ms] [ERROR] Access to fetch at 'https://trgcj0-r0.myshopify.com/api/collect' from origin 'http://localhost:9292' has been blocked by CORS policy: Response to preflight request doesn't pass access control check: No 'Access-Control-Allow-Origin' header is present on the requested resource. @ http://localhost:9292/products/hardwell-maddix-revealed-a-c-i-d-oversized-t-shirt-black:0
[  877684ms] [ERROR] Failed to load resource: net::ERR_FAILED @ https://trgcj0-r0.myshopify.com/api/collect:0
[  883064ms] [ERROR] Access to fetch at 'https://trgcj0-r0.myshopify.com/api/collect' from origin 'http://localhost:9292' has been blocked by CORS policy: Response to preflight request doesn't pass access control check: No 'Access-Control-Allow-Origin' header is present on the requested resource. @ http://localhost:9292/products/hardwell-maddix-revealed-a-c-i-d-oversized-t-shirt-black:0
[  883065ms] [ERROR] Failed to load resource: net::ERR_FAILED @ https://trgcj0-r0.myshopify.com/api/collect:0
[  888445ms] [ERROR] Access to fetch at 'https://trgcj0-r0.myshopify.com/api/collect' from origin 'http://localhost:9292' has been blocked by CORS policy: Response to preflight request doesn't pass access control check: No 'Access-Control-Allow-Origin' header is present on the requested resource. @ http://localhost:9292/products/hardwell-maddix-revealed-a-c-i-d-oversized-t-shirt-black:0
[  888445ms] [ERROR] Failed to load resource: net::ERR_FAILED @ https://trgcj0-r0.myshopify.com/api/collect:0
[  893831ms] [ERROR] Access to fetch at 'https://trgcj0-r0.myshopify.com/api/collect' from origin 'http://localhost:9292' has been blocked by CORS policy: Response to preflight request doesn't pass access control check: No 'Access-Control-Allow-Origin' header is present on the requested resource. @ http://localhost:9292/products/hardwell-maddix-revealed-a-c-i-d-oversized-t-shirt-black:0
[  893831ms] [ERROR] Failed to load resource: net::ERR_FAILED @ https://trgcj0-r0.myshopify.com/api/collect:0
[  899289ms] [ERROR] Access to fetch at 'https://trgcj0-r0.myshopify.com/api/collect' from origin 'http://localhost:9292' has been blocked by CORS policy: Response to preflight request doesn't pass access control check: No 'Access-Control-Allow-Origin' header is present on the requested resource. @ http://localhost:9292/products/hardwell-maddix-revealed-a-c-i-d-oversized-t-shirt-black:0
[  899289ms] [ERROR] Failed to load resource: net::ERR_FAILED @ https://trgcj0-r0.myshopify.com/api/collect:0
[  904700ms] [ERROR] Access to fetch at 'https://trgcj0-r0.myshopify.com/api/collect' from origin 'http://localhost:9292' has been blocked by CORS policy: Response to preflight request doesn't pass access control check: No 'Access-Control-Allow-Origin' header is present on the requested resource. @ http://localhost:9292/products/hardwell-maddix-revealed-a-c-i-d-oversized-t-shirt-black:0
[  904700ms] [ERROR] Failed to load resource: net::ERR_FAILED @ https://trgcj0-r0.myshopify.com/api/collect:0
[  910076ms] [ERROR] Access to fetch at 'https://trgcj0-r0.myshopify.com/api/collect' from origin 'http://localhost:9292' has been blocked by CORS policy: Response to preflight request doesn't pass access control check: No 'Access-Control-Allow-Origin' header is present on the requested resource. @ http://localhost:9292/products/hardwell-maddix-revealed-a-c-i-d-oversized-t-shirt-black:0
[  910076ms] [ERROR] Failed to load resource: net::ERR_FAILED @ https://trgcj0-r0.myshopify.com/api/collect:0
[  915438ms] [ERROR] Access to fetch at 'https://trgcj0-r0.myshopify.com/api/collect' from origin 'http://localhost:9292' has been blocked by CORS policy: Response to preflight request doesn't pass access control check: No 'Access-Control-Allow-Origin' header is present on the requested resource. @ http://localhost:9292/products/hardwell-maddix-revealed-a-c-i-d-oversized-t-shirt-black:0
[  915438ms] [ERROR] Failed to load resource: net::ERR_FAILED @ https://trgcj0-r0.myshopify.com/api/collect:0
[  920793ms] [ERROR] Access to fetch at 'https://trgcj0-r0.myshopify.com/api/collect' from origin 'http://localhost:9292' has been blocked by CORS policy: Response to preflight request doesn't pass access control check: No 'Access-Control-Allow-Origin' header is present on the requested resource. @ http://localhost:9292/products/hardwell-maddix-revealed-a-c-i-d-oversized-t-shirt-black:0
[  920793ms] [ERROR] Failed to load resource: net::ERR_FAILED @ https://trgcj0-r0.myshopify.com/api/collect:0
[  926196ms] [ERROR] Access to fetch at 'https://trgcj0-r0.myshopify.com/api/collect' from origin 'http://localhost:9292' has been blocked by CORS policy: Response to preflight request doesn't pass access control check: No 'Access-Control-Allow-Origin' header is present on the requested resource. @ http://localhost:9292/products/hardwell-maddix-revealed-a-c-i-d-oversized-t-shirt-black:0
[  926197ms] [ERROR] Failed to load resource: net::ERR_FAILED @ https://trgcj0-r0.myshopify.com/api/collect:0
